dependencies: {  }
typescript: |-
    {
    string?: string;
    int?: number;
    }