{
name: string;
type: 'users';
links: {self: string};
}