import {RegularEnum} from "../Enum";
import {YetAnotherDto} from "../LevelUp";
export type Dto = {
string: string;
nullbable: string | null;
default: string;
int: number;
boolean: boolean;
float: number;
object: object;
array: Array<any>;
none: any;
documented_string: string;
mixed: number | string;
number: number;
documented_array: Array<number>;
mixed_with_array: number | string | Array<number | string>;
array_with_null: Array<number | null>;
enum: Enum;
non_typescripted_type: any;
other_dto: OtherDto;
other_dto_array: Array<OtherDto>;
other_dto_collection: Array<OtherDto>;
dto_with_children: DtoWithChildren;
another_namespace_dto: YetAnotherDto;
nullable_string: string | number | null;
reflection_replaced_default_type: string;
docblock_replaced_default_type: string;
array_replaced_default_type: Array<string>;
array_as_object: { [key: string]: any };
};
export type DtoWithChildren = {
name: string;
other_dto: OtherDto;
other_dto_array: Array<OtherDto>;
};
export type Enum = 'yes' | 'no';
export type OtherDto = {
name: string;
};
export type OtherDtoCollection = {
};
export type YetAnotherDto = {
name: string;
};
